A51 MACRO ASSEMBLER  DELAY                                                                02/10/2018 21:06:08 PAGE     1


MACRO ASSEMBLER A51 V8.00d
OBJECT MODULE PLACED IN .\OutPut\Delay.obj
ASSEMBLER INVOKED BY: F:\keil3\C51\BIN\A51.EXE User\Delay.asm NOMACRO INCDIR(.\Inc) SET(COMPACT) DEBUG PRINT(.\Delay.lst
                      ) OBJECT(.\OutPut\Delay.obj) EP

LOC  OBJ            LINE     SOURCE

                       1     
                       2     
                       3     
                       4     
                       5     
                       6     
                       7     
                       8     
                       9     
                      10     
                      11     
                      12     
                      13     
                      14     
                      15     PUBLIC  DELAY2MS,DELAY10MS
                      16     
                      17     DELAY_ASM       SEGMENT         CODE
----                  18     RSEG            DELAY_ASM
                      19     
                      20     
                      21     ;延时2ms
0000                  22     DELAY2MS:                       ;@12.000MHz     6T
0000 C030             23             PUSH    30H
0002 C031             24             PUSH    31H
0004 753008           25             MOV     30H     ,       #8
0007 7531C0           26             MOV     31H     ,       #192
000A                  27     NEXT:
000A D531FD           28             DJNZ    31H     ,       NEXT
000D D530FA           29             DJNZ    30H     ,       NEXT
0010 D031             30             POP     31H
0012 D030             31             POP     30H
0014 22               32             RET
                      33     
                      34     ;延时10ms用于按键去抖 
0015                  35     DELAY10MS:   
0015 C030             36             PUSH    30H
0017 C031             37             PUSH    31H
0019 7531D7           38         MOV         31H     ,       #0D7H
001C                  39     DL0:
001C 75302D           40         MOV         30H     ,       #2DH
001F D530FD           41         DJNZ        30H     ,       $
0022 D531F7           42         DJNZ        31H     ,       DL0
0025 D031             43             POP     31H
0027 D030             44             POP     30H
0029 22               45         RET
                      46     
                      47     END
A51 MACRO ASSEMBLER  DELAY                                                                02/10/2018 21:06:08 PAGE     2

SYMBOL TABLE LISTING
------ ----- -------


N A M E             T Y P E  V A L U E   ATTRIBUTES

DELAY10MS. . . . .  C ADDR   0015H   R   SEG=DELAY_ASM
DELAY2MS . . . . .  C ADDR   0000H   R   SEG=DELAY_ASM
DELAY_ASM. . . . .  C SEG    002AH       REL=UNIT
DL0. . . . . . . .  C ADDR   001CH   R   SEG=DELAY_ASM
NEXT . . . . . . .  C ADDR   000AH   R   SEG=DELAY_ASM


REGISTER BANK(S) USED: 0 


ASSEMBLY COMPLETE.  0 WARNING(S), 0 ERROR(S)
