A51 MACRO ASSEMBLER  MAIN                                                                 01/31/2018 19:56:02 PAGE     1


MACRO ASSEMBLER A51 V8.00d
OBJECT MODULE PLACED IN .\OutPut\Main.obj
ASSEMBLER INVOKED BY: F:\keil3\C51\BIN\A51.EXE User\Main.asm SET(SMALL) DEBUG PRINT(.\Main.lst) OBJECT(.\OutPut\Main.obj
                      ) EP

LOC  OBJ            LINE     SOURCE

                       1     
0000                   2     ORG 00H
                       3     
0000                   4     MIAN:   
0000 74FE              5                     MOV     A       ,       #0FEH           ;在累加器中输入0xFE
                       6                     
                       7                     
0002                   8     LOOP:   
0002 F5A0              9                     MOV     P2      ,       A                       ;将累加器中的示莘湃階
0004 23               10                     RL              A                                       ;A循环左移      
0005 1109             11                     ACALL   DELAY500MS
0007 80F9             12                     SJMP    LOOP
                      13                     
0009                  14     DELAY500MS:                                                     ;@11.0592MHz
0009 753004           15                     MOV     30H     ,       #4
000C 753181           16                     MOV     31H     ,       #129
000F 753270           17                     MOV     32H     ,       #112
0012                  18     NEXT:
0012 D532FD           19                     DJNZ    32H     ,       NEXT
0015 D531FA           20                     DJNZ    31H     ,       NEXT
0018 D530F7           21                     DJNZ    30H     ,       NEXT
                      22     
001B 22               23                     RET
                      24     
                      25     
                      26     END
A51 MACRO ASSEMBLER  MAIN                                                                 01/31/2018 19:56:02 PAGE     2

SYMBOL TABLE LISTING
------ ----- -------


N A M E             T Y P E  V A L U E   ATTRIBUTES

DELAY500MS . . . .  C ADDR   0009H   A   
LOOP . . . . . . .  C ADDR   0002H   A   
MIAN . . . . . . .  C ADDR   0000H   A   
NEXT . . . . . . .  C ADDR   0012H   A   
P2 . . . . . . . .  D ADDR   00A0H   A   


REGISTER BANK(S) USED: 0 


ASSEMBLY COMPLETE.  0 WARNING(S), 0 ERROR(S)
